// Jest Snapshot v1, https://goo.gl/fbAQLP

exports[`render a valid AMP page with amp-ad and amp-embed component 1`] = `
"<!doctype html><html amp=\\"\\"><head><meta charSet=\\"utf-8\\"/><meta name=\\"amp-google-client-id-api\\" content=\\"googleanalytics\\"/><meta name=\\"viewport\\" content=\\"width=device-width,minimum-scale=1,initial-scale=1\\"/><title>case - amp-ad</title><link rel=\\"canonical\\" href=\\"https://amp-ad.test.com.tw\\"/><meta name=\\"format-detection\\" content=\\"telephone=no\\"/><style amp-boilerplate>body{-webkit-animation:-amp-start 8s steps(1,end) 0s 1 normal both;-moz-animation:-amp-start 8s steps(1,end) 0s 1 normal both;-ms-animation:-amp-start 8s steps(1,end) 0s 1 normal both;animation:-amp-start 8s steps(1,end) 0s 1 normal both}@-webkit-keyframes -amp-start{from{visibility:hidden}to{visibility:visible}}@-moz-keyframes -amp-start{from{visibility:hidden}to{visibility:visible}}@-ms-keyframes -amp-start{from{visibility:hidden}to{visibility:visible}}@-o-keyframes -amp-start{from{visibility:hidden}to{visibility:visible}}@keyframes -amp-start{from{visibility:hidden}to{visibility:visible}}</style><noscript><style amp-boilerplate>body{-webkit-animation:none;-moz-animation:none;-ms-animation:none;animation:none}</style></noscript><style amp-custom>.Application__wrapper___14vEK{background:blue}
</style><script async=\\"\\" src=\\"https://cdn.ampproject.org/v0.js\\"></script><script async=\\"\\" custom-element=\\"amp-ad\\" src=\\"https://cdn.ampproject.org/v0/amp-ad-0.1.js\\"></script></head><body><div class=\\"Application__wrapper___14vEK\\"><amp-ad width=\\"300\\" height=\\"250\\" type=\\"a9\\" data-aax_size=\\"300x250\\" data-aax_pubname=\\"test123\\" data-aax_src=\\"302\\"></amp-ad><amp-embed type=\\"taboola\\" width=\\"400\\" height=\\"300\\" layout=\\"responsive\\" data-publisher=\\"amp-demo\\" data-mode=\\"thumbnails-a\\" data-placement=\\"Ads Example\\" data-article=\\"auto\\"></amp-embed></div></body></html>"
`;
