// Jest Snapshot v1, https://goo.gl/fbAQLP

exports[`render a valid AMP page with amp-state component 1`] = `"<!doctype html><html amp=\\"\\"><head><meta charSet=\\"utf-8\\"/><meta name=\\"amp-google-client-id-api\\" content=\\"googleanalytics\\"/><meta name=\\"viewport\\" content=\\"width=device-width,minimum-scale=1,initial-scale=1\\"/><link rel=\\"preload\\" as=\\"script\\" href=\\"https://cdn.ampproject.org/v0.js\\"/><title>case - amp-bind</title><link rel=\\"canonical\\" href=\\"https://amp-bind.test.com.tw\\"/><meta name=\\"format-detection\\" content=\\"telephone=no\\"/><style amp-boilerplate>body{-webkit-animation:-amp-start 8s steps(1,end) 0s 1 normal both;-moz-animation:-amp-start 8s steps(1,end) 0s 1 normal both;-ms-animation:-amp-start 8s steps(1,end) 0s 1 normal both;animation:-amp-start 8s steps(1,end) 0s 1 normal both}@-webkit-keyframes -amp-start{from{visibility:hidden}to{visibility:visible}}@-moz-keyframes -amp-start{from{visibility:hidden}to{visibility:visible}}@-ms-keyframes -amp-start{from{visibility:hidden}to{visibility:visible}}@-o-keyframes -amp-start{from{visibility:hidden}to{visibility:visible}}@keyframes -amp-start{from{visibility:hidden}to{visibility:visible}}</style><noscript><style amp-boilerplate>body{-webkit-animation:none;-moz-animation:none;-ms-animation:none;animation:none}</style></noscript><style amp-custom></style><script async=\\"\\" src=\\"https://cdn.ampproject.org/v0.js\\"></script><script async=\\"\\" custom-element=\\"amp-bind\\" src=\\"https://cdn.ampproject.org/v0/amp-bind-0.1.js\\"></script></head><body><amp-state id=\\"allAnimals\\"><script type=\\"application/json\\">{\\"currentAnimal\\":\\"dog\\",\\"dog\\":{\\"imageUrl\\":\\"/img/Border_Collie.jpg\\",\\"videoUrl\\":\\"/video/dog-video.mp4\\",\\"style\\":\\"greenBackground\\",\\"iframeUrl\\":\\"https://player.vimeo.com/video/183849543\\"},\\"cat\\":{\\"imageUrl\\":\\"/img/cat-looking-up-300x200.jpg\\",\\"videoUrl\\":\\"/video/cat-video.mp4\\",\\"style\\":\\"redBackground\\",\\"iframeUrl\\":\\"https://player.vimeo.com/video/185199565\\"}}</script></amp-state></body></html>"`;
