// Jest Snapshot v1, https://goo.gl/fbAQLP

exports[`render a valid AMP page with amp-image-lightbox component 1`] = `"<!doctype html><html amp=\\"\\"><head><meta charSet=\\"utf-8\\"/><meta name=\\"amp-google-client-id-api\\" content=\\"googleanalytics\\"/><meta name=\\"viewport\\" content=\\"width=device-width,minimum-scale=1,initial-scale=1\\"/><link rel=\\"preload\\" as=\\"script\\" href=\\"https://cdn.ampproject.org/v0.js\\"/><title>case - amp-image-lightbox</title><link rel=\\"canonical\\" href=\\"https://amp-image-lightbox.test.com.tw\\"/><meta name=\\"format-detection\\" content=\\"telephone=no\\"/><style amp-boilerplate>body{-webkit-animation:-amp-start 8s steps(1,end) 0s 1 normal both;-moz-animation:-amp-start 8s steps(1,end) 0s 1 normal both;-ms-animation:-amp-start 8s steps(1,end) 0s 1 normal both;animation:-amp-start 8s steps(1,end) 0s 1 normal both}@-webkit-keyframes -amp-start{from{visibility:hidden}to{visibility:visible}}@-moz-keyframes -amp-start{from{visibility:hidden}to{visibility:visible}}@-ms-keyframes -amp-start{from{visibility:hidden}to{visibility:visible}}@-o-keyframes -amp-start{from{visibility:hidden}to{visibility:visible}}@keyframes -amp-start{from{visibility:hidden}to{visibility:visible}}</style><noscript><style amp-boilerplate>body{-webkit-animation:none;-moz-animation:none;-ms-animation:none;animation:none}</style></noscript><style amp-custom></style><script async=\\"\\" src=\\"https://cdn.ampproject.org/v0.js\\"></script><script async=\\"\\" custom-element=\\"amp-image-lightbox\\" src=\\"https://cdn.ampproject.org/v0/amp-image-lightbox-0.1.js\\"></script></head><body><amp-image-lightbox id=\\"lightbox1\\" layout=\\"nodisplay\\"></amp-image-lightbox><amp-img on=\\"tap:lightbox1\\" role=\\"button\\" tabindex=\\"0\\" src=\\"/img/frog.jpg\\" layout=\\"responsive\\" width=\\"360\\" height=\\"360\\"></amp-img><amp-img on=\\"tap:lightbox1\\" role=\\"button\\" tabindex=\\"0\\" src=\\"/img/cat.jpg\\" layout=\\"responsive\\" width=\\"360\\" height=\\"360\\"></amp-img></body></html>"`;
