// Jest Snapshot v1, https://goo.gl/fbAQLP

exports[`render a valid AMP page with amp-ima-video component 1`] = `"<!doctype html><html amp=\\"\\"><head><meta charSet=\\"utf-8\\"/><meta name=\\"amp-google-client-id-api\\" content=\\"googleanalytics\\"/><meta name=\\"viewport\\" content=\\"width=device-width,minimum-scale=1,initial-scale=1\\"/><link rel=\\"preload\\" as=\\"script\\" href=\\"https://cdn.ampproject.org/v0.js\\"/><title>case - amp-ima-video</title><link rel=\\"canonical\\" href=\\"https://amp-ima-video.test.com.tw\\"/><meta name=\\"format-detection\\" content=\\"telephone=no\\"/><style amp-boilerplate>body{-webkit-animation:-amp-start 8s steps(1,end) 0s 1 normal both;-moz-animation:-amp-start 8s steps(1,end) 0s 1 normal both;-ms-animation:-amp-start 8s steps(1,end) 0s 1 normal both;animation:-amp-start 8s steps(1,end) 0s 1 normal both}@-webkit-keyframes -amp-start{from{visibility:hidden}to{visibility:visible}}@-moz-keyframes -amp-start{from{visibility:hidden}to{visibility:visible}}@-ms-keyframes -amp-start{from{visibility:hidden}to{visibility:visible}}@-o-keyframes -amp-start{from{visibility:hidden}to{visibility:visible}}@keyframes -amp-start{from{visibility:hidden}to{visibility:visible}}</style><noscript><style amp-boilerplate>body{-webkit-animation:none;-moz-animation:none;-ms-animation:none;animation:none}</style></noscript><style amp-custom></style><script async=\\"\\" src=\\"https://cdn.ampproject.org/v0.js\\"></script><script async=\\"\\" custom-element=\\"amp-ima-video\\" src=\\"https://cdn.ampproject.org/v0/amp-ima-video-0.1.js\\"></script></head><body><amp-ima-video id=\\"myVideo\\" width=\\"640\\" height=\\"360\\" layout=\\"responsive\\" data-tag=\\"https://pubads.g.doubleclick.net/gampad/ads?sz=640x480&amp;iu=/124319096/external/ad_rule_samples&amp;ciu_szs=300x250&amp;ad_rule=1&amp;impl=s&amp;gdfp_req=1&amp;env=vp&amp;output=vmap&amp;unviewed_position_start=1&amp;cust_params=deployment%3Ddevsite%26sample_ar%3Dpremidpost&amp;cmsid=496&amp;vid=short_onecue&amp;correlator=\\" data-poster=\\"https://ampbyexample.com/img/ima-poster.jpg\\"><source src=\\"https://commondatastorage.googleapis.com/gtv-videos-bucket/sample/BigBuckBunny.mp4\\" type=\\"video/mp4\\"/></amp-ima-video></body></html>"`;
