// Jest Snapshot v1, https://goo.gl/fbAQLP

exports[`render a valid AMP page with amp-access-laterpay component 1`] = `"<!doctype html><html amp=\\"\\"><head><meta charSet=\\"utf-8\\"/><meta name=\\"amp-google-client-id-api\\" content=\\"googleanalytics\\"/><meta name=\\"viewport\\" content=\\"width=device-width,minimum-scale=1,initial-scale=1\\"/><link rel=\\"preload\\" as=\\"script\\" href=\\"https://cdn.ampproject.org/v0.js\\"/><title>case - amp-access-laterpay</title><link rel=\\"canonical\\" href=\\"https://amp-access-laterpay.test.com.tw\\"/><script id=\\"amp-access\\" type=\\"application/json\\">{\\"vendor\\":\\"laterpay\\",\\"laterpay\\":{\\"articleTitleSelector\\":\\".preview > h3\\",\\"sandbox\\":true}}</script><style amp-boilerplate>body{-webkit-animation:-amp-start 8s steps(1,end) 0s 1 normal both;-moz-animation:-amp-start 8s steps(1,end) 0s 1 normal both;-ms-animation:-amp-start 8s steps(1,end) 0s 1 normal both;animation:-amp-start 8s steps(1,end) 0s 1 normal both}@-webkit-keyframes -amp-start{from{visibility:hidden}to{visibility:visible}}@-moz-keyframes -amp-start{from{visibility:hidden}to{visibility:visible}}@-ms-keyframes -amp-start{from{visibility:hidden}to{visibility:visible}}@-o-keyframes -amp-start{from{visibility:hidden}to{visibility:visible}}@keyframes -amp-start{from{visibility:hidden}to{visibility:visible}}</style><noscript><style amp-boilerplate>body{-webkit-animation:none;-moz-animation:none;-ms-animation:none;animation:none}</style></noscript><style amp-custom></style><script async=\\"\\" src=\\"https://cdn.ampproject.org/v0.js\\"></script><script async=\\"\\" custom-element=\\"amp-access\\" src=\\"https://cdn.ampproject.org/v0/amp-access-0.1.js\\"></script><script async=\\"\\" custom-element=\\"amp-analytics\\" src=\\"https://cdn.ampproject.org/v0/amp-analytics-0.1.js\\"></script><script async=\\"\\" custom-element=\\"amp-access-laterpay\\" src=\\"https://cdn.ampproject.org/v0/amp-access-laterpay-0.2.js\\"></script></head><body><section amp-access=\\"NOT error AND NOT access\\" amp-access-hide=\\"\\"><div id=\\"amp-access-laterpay-dialog\\" class=\\"amp-access-laterpay\\"></div></section><section amp-access=\\"error\\" amp-access-hide=\\"\\" class=\\"error-section\\">Oops... Something broke.</section><div amp-access=\\"access\\" amp-access-hide=\\"\\"><p>...article content...</p></div></body></html>"`;
