// Jest Snapshot v1, https://goo.gl/fbAQLP

exports[`render a valid AMP page with amp-carousel component 1`] = `"<!doctype html><html amp=\\"\\"><head><meta charSet=\\"utf-8\\"/><meta name=\\"amp-google-client-id-api\\" content=\\"googleanalytics\\"/><meta name=\\"viewport\\" content=\\"width=device-width,minimum-scale=1,initial-scale=1\\"/><link rel=\\"preload\\" as=\\"script\\" href=\\"https://cdn.ampproject.org/v0.js\\"/><title>case - amp-carousel</title><link rel=\\"canonical\\" href=\\"https://amp-carousel.test.com.tw\\"/><meta name=\\"format-detection\\" content=\\"telephone=no\\"/><style amp-boilerplate>body{-webkit-animation:-amp-start 8s steps(1,end) 0s 1 normal both;-moz-animation:-amp-start 8s steps(1,end) 0s 1 normal both;-ms-animation:-amp-start 8s steps(1,end) 0s 1 normal both;animation:-amp-start 8s steps(1,end) 0s 1 normal both}@-webkit-keyframes -amp-start{from{visibility:hidden}to{visibility:visible}}@-moz-keyframes -amp-start{from{visibility:hidden}to{visibility:visible}}@-ms-keyframes -amp-start{from{visibility:hidden}to{visibility:visible}}@-o-keyframes -amp-start{from{visibility:hidden}to{visibility:visible}}@keyframes -amp-start{from{visibility:hidden}to{visibility:visible}}</style><noscript><style amp-boilerplate>body{-webkit-animation:none;-moz-animation:none;-ms-animation:none;animation:none}</style></noscript><style amp-custom></style><script async=\\"\\" src=\\"https://cdn.ampproject.org/v0.js\\"></script><script async=\\"\\" custom-element=\\"amp-carousel\\" src=\\"https://cdn.ampproject.org/v0/amp-carousel-0.1.js\\"></script></head><body><amp-carousel height=\\"300\\" layout=\\"fixed-height\\" type=\\"carousel\\"><amp-img src=\\"/img/image1.jpg\\" width=\\"400\\" height=\\"300\\" alt=\\"a sample image\\"></amp-img><amp-img src=\\"/img/image2.jpg\\" width=\\"400\\" height=\\"300\\" alt=\\"another sample image\\"></amp-img><amp-img src=\\"/img/image3.jpg\\" width=\\"400\\" height=\\"300\\" alt=\\"and another sample image\\"></amp-img></amp-carousel></body></html>"`;
