// Jest Snapshot v1, https://goo.gl/fbAQLP

exports[`render a valid AMP page with amp-pinterest component 1`] = `"<!doctype html><html amp=\\"\\"><head><meta charSet=\\"utf-8\\"/><meta name=\\"amp-google-client-id-api\\" content=\\"googleanalytics\\"/><meta name=\\"viewport\\" content=\\"width=device-width,minimum-scale=1,initial-scale=1\\"/><link rel=\\"preload\\" as=\\"script\\" href=\\"https://cdn.ampproject.org/v0.js\\"/><title>case - amp-pinterest</title><link rel=\\"canonical\\" href=\\"https://amp-pinterest.test.com.tw\\"/><meta name=\\"format-detection\\" content=\\"telephone=no\\"/><style amp-boilerplate>body{-webkit-animation:-amp-start 8s steps(1,end) 0s 1 normal both;-moz-animation:-amp-start 8s steps(1,end) 0s 1 normal both;-ms-animation:-amp-start 8s steps(1,end) 0s 1 normal both;animation:-amp-start 8s steps(1,end) 0s 1 normal both}@-webkit-keyframes -amp-start{from{visibility:hidden}to{visibility:visible}}@-moz-keyframes -amp-start{from{visibility:hidden}to{visibility:visible}}@-ms-keyframes -amp-start{from{visibility:hidden}to{visibility:visible}}@-o-keyframes -amp-start{from{visibility:hidden}to{visibility:visible}}@keyframes -amp-start{from{visibility:hidden}to{visibility:visible}}</style><noscript><style amp-boilerplate>body{-webkit-animation:none;-moz-animation:none;-ms-animation:none;animation:none}</style></noscript><style amp-custom></style><script async=\\"\\" src=\\"https://cdn.ampproject.org/v0.js\\"></script><script async=\\"\\" custom-element=\\"amp-pinterest\\" src=\\"https://cdn.ampproject.org/v0/amp-pinterest-0.1.js\\"></script></head><body><amp-pinterest height=\\"20\\" width=\\"40\\" data-do=\\"buttonPin\\" data-url=\\"http://www.flickr.com/photos/kentbrew/6851755809/\\" data-media=\\"http://farm8.staticflickr.com/7027/6851755809_df5b2051c9_z.jpg\\" data-description=\\"Next stop: Pinterest\\"></amp-pinterest></body></html>"`;
