// Jest Snapshot v1, https://goo.gl/fbAQLP

exports[`render a valid AMP page with amp-access component 1`] = `"<!doctype html><html amp=\\"\\"><head><meta charSet=\\"utf-8\\"/><meta name=\\"amp-google-client-id-api\\" content=\\"googleanalytics\\"/><meta name=\\"viewport\\" content=\\"width=device-width,minimum-scale=1,initial-scale=1\\"/><link rel=\\"preload\\" as=\\"script\\" href=\\"https://cdn.ampproject.org/v0.js\\"/><title>case - amp-access</title><link rel=\\"canonical\\" href=\\"https://amp-access.test.com.tw\\"/><script id=\\"amp-access\\" type=\\"application/json\\">{\\"authorization\\":\\"https://ampbyexample.com/components/amp-access/authorization?rid=READER_ID&url=CANONICAL_URL&ref=DOCUMENT_REFERRER&_=RANDOM\\",\\"pingback\\":\\"https://ampbyexample.com/components/amp-access/authorization?rid=READER_ID&url=CANONICAL_URL&ref=DOCUMENT_REFERRER&_=RANDOM\\",\\"login\\":{\\"sign-in\\":\\"https://ampbyexample.com/components/amp-access/login?rid=READER_ID&url=CANONICAL_URL\\",\\"sign-out\\":\\"https://ampbyexample.com/components/amp-access/logout\\"},\\"authorizationFallbackResponse\\":{\\"error\\":true,\\"access\\":false,\\"subscriber\\":false}}</script><style amp-boilerplate>body{-webkit-animation:-amp-start 8s steps(1,end) 0s 1 normal both;-moz-animation:-amp-start 8s steps(1,end) 0s 1 normal both;-ms-animation:-amp-start 8s steps(1,end) 0s 1 normal both;animation:-amp-start 8s steps(1,end) 0s 1 normal both}@-webkit-keyframes -amp-start{from{visibility:hidden}to{visibility:visible}}@-moz-keyframes -amp-start{from{visibility:hidden}to{visibility:visible}}@-ms-keyframes -amp-start{from{visibility:hidden}to{visibility:visible}}@-o-keyframes -amp-start{from{visibility:hidden}to{visibility:visible}}@keyframes -amp-start{from{visibility:hidden}to{visibility:visible}}</style><noscript><style amp-boilerplate>body{-webkit-animation:none;-moz-animation:none;-ms-animation:none;animation:none}</style></noscript><style amp-custom></style><script async=\\"\\" src=\\"https://cdn.ampproject.org/v0.js\\"></script><script async=\\"\\" custom-element=\\"amp-access\\" src=\\"https://cdn.ampproject.org/v0/amp-access-0.1.js\\"></script><script async=\\"\\" custom-element=\\"amp-analytics\\" src=\\"https://cdn.ampproject.org/v0/amp-analytics-0.1.js\\"></script></head><body><section amp-access=\\"access\\"><p>This section is visible to users if the authorization response contains:<code>&quot;access&quot;: true</code>. This is usually the main content of the article.</p></section><section amp-access=\\"NOT access\\"><p>This section is only visible to users if the authorization response does not contain<code>access</code> or contains<code>&quot;access&quot;: false</code>.</p></section></body></html>"`;
