// Jest Snapshot v1, https://goo.gl/fbAQLP

exports[`render a valid AMP page with amp-sticky-ad component 1`] = `"<!doctype html><html amp=\\"\\"><head><meta charSet=\\"utf-8\\"/><meta name=\\"amp-google-client-id-api\\" content=\\"googleanalytics\\"/><meta name=\\"viewport\\" content=\\"width=device-width,minimum-scale=1,initial-scale=1\\"/><link rel=\\"preload\\" as=\\"script\\" href=\\"https://cdn.ampproject.org/v0.js\\"/><title>case - amp-sticky-ad</title><link rel=\\"canonical\\" href=\\"https://amp-sticky-ad.test.com.tw\\"/><meta name=\\"format-detection\\" content=\\"telephone=no\\"/><style amp-boilerplate>body{-webkit-animation:-amp-start 8s steps(1,end) 0s 1 normal both;-moz-animation:-amp-start 8s steps(1,end) 0s 1 normal both;-ms-animation:-amp-start 8s steps(1,end) 0s 1 normal both;animation:-amp-start 8s steps(1,end) 0s 1 normal both}@-webkit-keyframes -amp-start{from{visibility:hidden}to{visibility:visible}}@-moz-keyframes -amp-start{from{visibility:hidden}to{visibility:visible}}@-ms-keyframes -amp-start{from{visibility:hidden}to{visibility:visible}}@-o-keyframes -amp-start{from{visibility:hidden}to{visibility:visible}}@keyframes -amp-start{from{visibility:hidden}to{visibility:visible}}</style><noscript><style amp-boilerplate>body{-webkit-animation:none;-moz-animation:none;-ms-animation:none;animation:none}</style></noscript><style amp-custom></style><script async=\\"\\" src=\\"https://cdn.ampproject.org/v0.js\\"></script><script async=\\"\\" custom-element=\\"amp-sticky-ad\\" src=\\"https://cdn.ampproject.org/v0/amp-sticky-ad-1.0.js\\"></script><script async=\\"\\" custom-element=\\"amp-ad\\" src=\\"https://cdn.ampproject.org/v0/amp-ad-0.1.js\\"></script></head><body><amp-sticky-ad layout=\\"nodisplay\\"><amp-ad width=\\"320\\" height=\\"50\\" type=\\"doubleclick\\" data-slot=\\"/35096353/amptesting/formats/sticky\\"></amp-ad></amp-sticky-ad></body></html>"`;
