// Jest Snapshot v1, https://goo.gl/fbAQLP

exports[`render a valid AMP page with amp-story component 1`] = `"<!doctype html><html amp=\\"\\"><head><meta charSet=\\"utf-8\\"/><meta name=\\"amp-google-client-id-api\\" content=\\"googleanalytics\\"/><meta name=\\"viewport\\" content=\\"width=device-width,minimum-scale=1,initial-scale=1\\"/><link rel=\\"preload\\" as=\\"script\\" href=\\"https://cdn.ampproject.org/v0.js\\"/><title>case - amp-story</title><link rel=\\"canonical\\" href=\\"https://amp-story.test.com.tw\\"/><meta name=\\"format-detection\\" content=\\"telephone=no\\"/><style amp-boilerplate>body{-webkit-animation:-amp-start 8s steps(1,end) 0s 1 normal both;-moz-animation:-amp-start 8s steps(1,end) 0s 1 normal both;-ms-animation:-amp-start 8s steps(1,end) 0s 1 normal both;animation:-amp-start 8s steps(1,end) 0s 1 normal both}@-webkit-keyframes -amp-start{from{visibility:hidden}to{visibility:visible}}@-moz-keyframes -amp-start{from{visibility:hidden}to{visibility:visible}}@-ms-keyframes -amp-start{from{visibility:hidden}to{visibility:visible}}@-o-keyframes -amp-start{from{visibility:hidden}to{visibility:visible}}@keyframes -amp-start{from{visibility:hidden}to{visibility:visible}}</style><noscript><style amp-boilerplate>body{-webkit-animation:none;-moz-animation:none;-ms-animation:none;animation:none}</style></noscript><style amp-custom></style><script async=\\"\\" src=\\"https://cdn.ampproject.org/v0.js\\"></script><script async=\\"\\" custom-element=\\"amp-story\\" src=\\"https://cdn.ampproject.org/v0/amp-story-1.0.js\\"></script></head><body><amp-story standalone=\\"\\" title=\\"Hello Story\\" publisher=\\"The AMP Team\\" publisher-logo-src=\\"https://example.com/logo/1x1.png\\" poster-portrait-src=\\"https://example.com/my-story/poster/3x4.jpg\\"><amp-story-page id=\\"my-first-page\\"><amp-story-grid-layer template=\\"fill\\"><amp-img src=\\"https://example.ampproject.org/helloworld/bg1.jpg\\" width=\\"900\\" height=\\"1600\\"></amp-img></amp-story-grid-layer><amp-story-grid-layer template=\\"vertical\\"><h1>Hello, amp-story!</h1></amp-story-grid-layer></amp-story-page><amp-story-page id=\\"my-second-page\\"><amp-story-grid-layer template=\\"fill\\"><amp-img src=\\"https://example.ampproject.org/helloworld/bg2.gif\\" width=\\"900\\" height=\\"1600\\"></amp-img></amp-story-grid-layer><amp-story-grid-layer template=\\"vertical\\"><h1>The End</h1></amp-story-grid-layer></amp-story-page></amp-story></body></html>"`;
