// Jest Snapshot v1, https://goo.gl/fbAQLP

exports[`render a valid AMP page with amp-iframe component 1`] = `"<!doctype html><html amp=\\"\\"><head><meta charSet=\\"utf-8\\"/><meta name=\\"amp-google-client-id-api\\" content=\\"googleanalytics\\"/><meta name=\\"viewport\\" content=\\"width=device-width,minimum-scale=1,initial-scale=1\\"/><link rel=\\"preload\\" as=\\"script\\" href=\\"https://cdn.ampproject.org/v0.js\\"/><title>case - amp-iframe</title><link rel=\\"canonical\\" href=\\"https://amp-iframe.test.com.tw\\"/><meta name=\\"format-detection\\" content=\\"telephone=no\\"/><style amp-boilerplate>body{-webkit-animation:-amp-start 8s steps(1,end) 0s 1 normal both;-moz-animation:-amp-start 8s steps(1,end) 0s 1 normal both;-ms-animation:-amp-start 8s steps(1,end) 0s 1 normal both;animation:-amp-start 8s steps(1,end) 0s 1 normal both}@-webkit-keyframes -amp-start{from{visibility:hidden}to{visibility:visible}}@-moz-keyframes -amp-start{from{visibility:hidden}to{visibility:visible}}@-ms-keyframes -amp-start{from{visibility:hidden}to{visibility:visible}}@-o-keyframes -amp-start{from{visibility:hidden}to{visibility:visible}}@keyframes -amp-start{from{visibility:hidden}to{visibility:visible}}</style><noscript><style amp-boilerplate>body{-webkit-animation:none;-moz-animation:none;-ms-animation:none;animation:none}</style></noscript><style amp-custom></style><script async=\\"\\" src=\\"https://cdn.ampproject.org/v0.js\\"></script><script async=\\"\\" custom-element=\\"amp-iframe\\" src=\\"https://cdn.ampproject.org/v0/amp-iframe-0.1.js\\"></script></head><body><amp-iframe width=\\"500\\" title=\\"Netflix House of Cards branding: The Stack\\" height=\\"281\\" layout=\\"responsive\\" sandbox=\\"allow-scripts allow-same-origin allow-popups\\" allowfullscreen=\\"\\" frameborder=\\"0\\" src=\\"https://player.vimeo.com/video/140261016\\"></amp-iframe></body></html>"`;
