// Jest Snapshot v1, https://goo.gl/fbAQLP

exports[`render a valid AMP page with amp-web-push component 1`] = `"<!doctype html><html amp=\\"\\"><head><meta charSet=\\"utf-8\\"/><meta name=\\"amp-google-client-id-api\\" content=\\"googleanalytics\\"/><meta name=\\"viewport\\" content=\\"width=device-width,minimum-scale=1,initial-scale=1\\"/><link rel=\\"preload\\" as=\\"script\\" href=\\"https://cdn.ampproject.org/v0.js\\"/><title>case - amp-web-push</title><link rel=\\"canonical\\" href=\\"https://amp-web-push.test.com.tw\\"/><meta name=\\"format-detection\\" content=\\"telephone=no\\"/><style amp-boilerplate>body{-webkit-animation:-amp-start 8s steps(1,end) 0s 1 normal both;-moz-animation:-amp-start 8s steps(1,end) 0s 1 normal both;-ms-animation:-amp-start 8s steps(1,end) 0s 1 normal both;animation:-amp-start 8s steps(1,end) 0s 1 normal both}@-webkit-keyframes -amp-start{from{visibility:hidden}to{visibility:visible}}@-moz-keyframes -amp-start{from{visibility:hidden}to{visibility:visible}}@-ms-keyframes -amp-start{from{visibility:hidden}to{visibility:visible}}@-o-keyframes -amp-start{from{visibility:hidden}to{visibility:visible}}@keyframes -amp-start{from{visibility:hidden}to{visibility:visible}}</style><noscript><style amp-boilerplate>body{-webkit-animation:none;-moz-animation:none;-ms-animation:none;animation:none}</style></noscript><style amp-custom></style><script async=\\"\\" src=\\"https://cdn.ampproject.org/v0.js\\"></script><script async=\\"\\" custom-element=\\"amp-web-push\\" src=\\"https://cdn.ampproject.org/v0/amp-web-push-0.1.js\\"></script></head><body><amp-web-push id=\\"amp-web-push\\" layout=\\"nodisplay\\" helper-iframe-url=\\"https://example.com/helper-iframe.html\\" permission-dialog-url=\\"https://example.com/permission-dialog.html\\" service-worker-url=\\"https://example.com/service-worker.js\\"></amp-web-push><amp-web-push-widget visibility=\\"unsubscribed\\" layout=\\"fixed\\" width=\\"250\\" height=\\"80\\"><button on=\\"tap:amp-web-push.subscribe\\">Subscribe to Notifications</button></amp-web-push-widget><amp-web-push-widget visibility=\\"subscribed\\" layout=\\"fixed\\" width=\\"250\\" height=\\"80\\"><button on=\\"tap:amp-web-push.unsubscribe\\">Unsubscribe me from Notifications</button></amp-web-push-widget><amp-web-push-widget visibility=\\"blocked\\" layout=\\"fixed\\" width=\\"250\\" height=\\"80\\">Looks like you&#x27;ve blocked notifications!</amp-web-push-widget><p>Lorem ipsum dolor sit amet, consectetur adipiscing elit. Morbi eget ligula eu augue scelerisque sodales. Vivamus consequat consectetur mauris, sed mollis justo aliquam feugiat. Phasellus sagittis dui eget posuere pulvinar. Curabitur leo urna, auctor in fringilla ut, eleifend in dolor. Aenean imperdiet lectus et lectus tincidunt, eu porttitor nisi placerat. Class aptent taciti sociosqu ad litora torquent per conubia nostra, per inceptos himenaeos. Praesent pretium tincidunt lectus sit amet semper. Sed egestas vulputate ultricies. Nunc vestibulum porta ante sed iaculis.</p></body></html>"`;
