// Jest Snapshot v1, https://goo.gl/fbAQLP

exports[`render a valid AMP page with amp-app-banner component 1`] = `"<!doctype html><html amp=\\"\\"><head><meta charSet=\\"utf-8\\"/><meta name=\\"amp-google-client-id-api\\" content=\\"googleanalytics\\"/><meta name=\\"viewport\\" content=\\"width=device-width,minimum-scale=1,initial-scale=1\\"/><link rel=\\"preload\\" as=\\"script\\" href=\\"https://cdn.ampproject.org/v0.js\\"/><title>case - amp-app-banner</title><link rel=\\"canonical\\" href=\\"https://amp-app-banner.test.com.tw\\"/><meta name=\\"apple-itunes-app\\" content=\\"app-id=828256236, app-argument=medium://p/9ea61abf530f\\"/><style amp-boilerplate>body{-webkit-animation:-amp-start 8s steps(1,end) 0s 1 normal both;-moz-animation:-amp-start 8s steps(1,end) 0s 1 normal both;-ms-animation:-amp-start 8s steps(1,end) 0s 1 normal both;animation:-amp-start 8s steps(1,end) 0s 1 normal both}@-webkit-keyframes -amp-start{from{visibility:hidden}to{visibility:visible}}@-moz-keyframes -amp-start{from{visibility:hidden}to{visibility:visible}}@-ms-keyframes -amp-start{from{visibility:hidden}to{visibility:visible}}@-o-keyframes -amp-start{from{visibility:hidden}to{visibility:visible}}@keyframes -amp-start{from{visibility:hidden}to{visibility:visible}}</style><noscript><style amp-boilerplate>body{-webkit-animation:none;-moz-animation:none;-ms-animation:none;animation:none}</style></noscript><style amp-custom></style><script async=\\"\\" src=\\"https://cdn.ampproject.org/v0.js\\"></script><script async=\\"\\" custom-element=\\"amp-app-banner\\" src=\\"https://cdn.ampproject.org/v0/amp-app-banner-0.1.js\\"></script></head><body><amp-app-banner layout=\\"nodisplay\\" id=\\"banner\\"><div id=\\"banner-logo\\"><amp-img src=\\"https://cdn-images-1.medium.com/max/50/1*JLegdtjFMNgqHgnxdd04fg.png\\" width=\\"50\\" height=\\"43\\" layout=\\"fixed\\"></amp-img></div><div id=\\"banner-text\\">Learn more about AMP in the Medium App.</div><div id=\\"banner-action\\"><button class=\\"ampstart-btn mr1 caps\\" open-button=\\"\\">View in app</button></div></amp-app-banner></body></html>"`;
